2026-02-20 13:29:59.254 INFO  [main][PortalContextLoaderListener:114] JVM arguments: --add-opens=java.base/java.lang=ALL-UNNAMED --add-opens=java.base/java.lang.invoke=ALL-UNNAMED --add-opens=java.base/java.lang.reflect=ALL-UNNAMED --add-opens=java.base/java.net=ALL-UNNAMED --add-opens=java.base/sun.net.www.protocol.http=ALL-UNNAMED --add-opens=java.base/sun.net.www.protocol.https=ALL-UNNAMED --add-opens=java.base/sun.util.calendar=ALL-UNNAMED --add-opens=jdk.zipfs/jdk.nio.zipfs=ALL-UNNAMED --add-opens=java.base/java.lang=ALL-UNNAMED --add-opens=java.base/java.lang.invoke=ALL-UNNAMED --add-opens=java.base/java.lang.reflect=ALL-UNNAMED --add-opens=java.base/java.io=ALL-UNNAMED --add-opens=java.base/java.util=ALL-UNNAMED --add-opens=java.base/java.util.concurrent=ALL-UNNAMED --add-opens=java.rmi/sun.rmi.transport=ALL-UNNAMED -Djava.util.logging.config.file=/opt/liferay/tomcat/conf/logging.properties -Djava.util.logging.manager=org.apache.juli.ClassLoaderLogManager -Djdk.tls.ephemeralDHKeySize=2048 -Djava.protocol.handler.pkgs=org.apache.catalina.webresources -Dsun.io.useCanonCaches=false -Dorg.apache.catalina.security.SecurityListener.UMASK=0027 -Dfile.encoding=UTF-8 -Djava.net.preferIPv4Stack=true -Duser.timezone=GMT -Xms2560m -Xmx2560m -XX:MaxNewSize=1536m -XX:MaxMetaspaceSize=768m -XX:MetaspaceSize=768m -XX:NewSize=1536m -XX:SurvivorRatio=7 -Dignore.endorsed.dirs= -Dcatalina.base=/opt/liferay/tomcat -Dcatalina.home=/opt/liferay/tomcat -Djava.io.tmpdir=/opt/liferay/tomcat/temp
2026-02-20 13:30:03.869 WARN  [SystemExecutorServiceUtil-1][DialectDetector:73] Liferay is configured to use Hypersonic as its database. Do NOT use Hypersonic in production. Hypersonic is an embedded database useful for development and demonstration purposes. The database settings can be changed in portal-ext.properties.
2026-02-20 13:30:03.872 INFO  [SystemExecutorServiceUtil-1][DialectDetector:134] Using dialect com.liferay.portal.dao.orm.hibernate.HSQLDialect for HSQL Database Engine 2.7
2026-02-20 13:30:03.916 INFO  [SystemExecutorServiceUtil-1][DBInitUtil:109] Create tables and populate with default data
2026-02-20 13:30:05.336 INFO  [main][ModuleFrameworkImpl:1355] Starting initial bundles
2026-02-20 13:30:06.363 INFO  [main][InterpolationConfigurationPlugin:109] Configured directory for secrets: /opt/liferay/osgi/configs
2026-02-20 13:30:06.652 INFO  [main][ModuleFrameworkImpl:1645] Started initial bundles
2026-02-20 13:30:06.664 INFO  [main][ModuleFrameworkImpl:1690] Starting dynamic bundles
2026-02-20 13:30:08.260 WARN  [Start Level: Equinox Container: d4a7629c-2392-46b6-a837-ccaed0971f2e][SidecarManager:70] Liferay automatically starts a child process of Elasticsearch named sidecar for convenient development and demonstration purposes. Do NOT use sidecar in production. Refer to the documentation for details on the limitations of sidecar and instructions on configuring a remote Elasticsearch connection in the Control Panel.
2026-02-20 13:30:12.287 INFO  [main][ModuleFrameworkImpl:1713] Started dynamic bundles
2026-02-20 13:30:12.289 INFO  [main][ModuleFrameworkImpl:1720] Starting web bundles
2026-02-20 13:30:13.437 INFO  [main][ModuleFrameworkImpl:1774] Started web bundles
2026-02-20 13:30:13.438 INFO  [main][ModuleFrameworkImpl:283] Navigate to Control Panel > System > Gogo Shell and enter "lb" to see all bundles
2026-02-20 13:30:14.522 INFO  [main][StartupHelperUtil:100] There are no patches installed
2026-02-20 13:30:15.175 INFO  [main][AutoDeployDir:152] Auto deploy scanner started for /opt/liferay/deploy
2026-02-20 13:30:17.161 INFO  [SystemExecutorServiceUtil-12][Sidecar:100] Sidecar Elasticsearch 7.17.26 liferay_sidecar started at 127.0.0.1:9201
2026-02-20 13:30:33.439 INFO  [main][VerifyProcess:65] Verifying com.liferay.portal.security.service.access.policy.internal.verify.SAPServiceVerifyProcess
2026-02-20 13:30:33.441 INFO  [main][LoggingTimer:74] Starting com.liferay.portal.security.service.access.policy.internal.verify.SAPServiceVerifyProcess#verifyDefaultSAPEntry
2026-02-20 13:30:33.464 INFO  [main][LoggingTimer:35] Completed com.liferay.portal.security.service.access.policy.internal.verify.SAPServiceVerifyProcess#verifyDefaultSAPEntry in 23 ms
2026-02-20 13:30:33.467 INFO  [main][VerifyProcess:78] Completed verification process com.liferay.portal.security.service.access.policy.internal.verify.SAPServiceVerifyProcess in 30 ms
2026-02-20 13:30:33.530 INFO  [fileinstall-directory-watcher][BaseAutoDeployListener:34] Copying themes for /opt/liferay/tomcat/temp/20260220133033499RMQTMMYJ/admin-theme.war
2026-02-20 13:30:33.893 INFO  [fileinstall-directory-watcher][BaseAutoDeployListener:41] Themes for /opt/liferay/tomcat/temp/20260220133033499RMQTMMYJ/admin-theme.war copied successfully
2026-02-20 13:30:34.866 INFO  [fileinstall-directory-watcher][BaseAutoDeployListener:34] Copying themes for /opt/liferay/tomcat/temp/20260220133034862XBWHBHNJ/classic-theme.war
2026-02-20 13:30:35.114 INFO  [fileinstall-directory-watcher][BaseAutoDeployListener:41] Themes for /opt/liferay/tomcat/temp/20260220133034862XBWHBHNJ/classic-theme.war copied successfully
2026-02-20 13:30:35.676 INFO  [fileinstall-directory-watcher][BaseAutoDeployListener:34] Copying themes for /opt/liferay/tomcat/temp/20260220133035671LVGATMWX/dialect-theme.war
2026-02-20 13:30:35.910 INFO  [fileinstall-directory-watcher][BaseAutoDeployListener:41] Themes for /opt/liferay/tomcat/temp/20260220133035671LVGATMWX/dialect-theme.war copied successfully
2026-02-20 13:30:36.470 INFO  [fileinstall-directory-watcher][BaseAutoDeployListener:34] Copying themes for /opt/liferay/tomcat/temp/20260220133036465WNPDAKWG/minium-theme.war
2026-02-20 13:30:36.750 INFO  [fileinstall-directory-watcher][BaseAutoDeployListener:41] Themes for /opt/liferay/tomcat/temp/20260220133036465WNPDAKWG/minium-theme.war copied successfully
2026-02-20 13:30:37.551 INFO  [fileinstall-directory-watcher][BaseAutoDeployListener:34] Copying themes for /opt/liferay/tomcat/temp/20260220133037544MFBHQKOV/speedwell-theme.war
2026-02-20 13:30:37.823 INFO  [fileinstall-directory-watcher][BaseAutoDeployListener:41] Themes for /opt/liferay/tomcat/temp/20260220133037544MFBHQKOV/speedwell-theme.war copied successfully
2026-02-20 13:33:40.622 INFO  [main][PortalContextLoaderListener:114] JVM arguments: --add-opens=java.base/java.lang=ALL-UNNAMED --add-opens=java.base/java.lang.invoke=ALL-UNNAMED --add-opens=java.base/java.lang.reflect=ALL-UNNAMED --add-opens=java.base/java.net=ALL-UNNAMED --add-opens=java.base/sun.net.www.protocol.http=ALL-UNNAMED --add-opens=java.base/sun.net.www.protocol.https=ALL-UNNAMED --add-opens=java.base/sun.util.calendar=ALL-UNNAMED --add-opens=jdk.zipfs/jdk.nio.zipfs=ALL-UNNAMED --add-opens=java.base/java.lang=ALL-UNNAMED --add-opens=java.base/java.lang.invoke=ALL-UNNAMED --add-opens=java.base/java.lang.reflect=ALL-UNNAMED --add-opens=java.base/java.io=ALL-UNNAMED --add-opens=java.base/java.util=ALL-UNNAMED --add-opens=java.base/java.util.concurrent=ALL-UNNAMED --add-opens=java.rmi/sun.rmi.transport=ALL-UNNAMED -Djava.util.logging.config.file=/opt/liferay/tomcat/conf/logging.properties -Djava.util.logging.manager=org.apache.juli.ClassLoaderLogManager -Djdk.tls.ephemeralDHKeySize=2048 -Djava.protocol.handler.pkgs=org.apache.catalina.webresources -Dsun.io.useCanonCaches=false -Dorg.apache.catalina.security.SecurityListener.UMASK=0027 -Dfile.encoding=UTF-8 -Djava.net.preferIPv4Stack=true -Duser.timezone=GMT -Xms2560m -Xmx2560m -XX:MaxNewSize=1536m -XX:MaxMetaspaceSize=768m -XX:MetaspaceSize=768m -XX:NewSize=1536m -XX:SurvivorRatio=7 -Dignore.endorsed.dirs= -Dcatalina.base=/opt/liferay/tomcat -Dcatalina.home=/opt/liferay/tomcat -Djava.io.tmpdir=/opt/liferay/tomcat/temp
2026-02-20 13:33:46.722 WARN  [SystemExecutorServiceUtil-1][DialectDetector:73] Liferay is configured to use Hypersonic as its database. Do NOT use Hypersonic in production. Hypersonic is an embedded database useful for development and demonstration purposes. The database settings can be changed in portal-ext.properties.
2026-02-20 13:33:46.723 INFO  [SystemExecutorServiceUtil-1][DialectDetector:134] Using dialect com.liferay.portal.dao.orm.hibernate.HSQLDialect for HSQL Database Engine 2.7
2026-02-20 13:33:47.932 INFO  [main][ModuleFrameworkImpl:1355] Starting initial bundles
2026-02-20 13:33:48.903 INFO  [main][InterpolationConfigurationPlugin:109] Configured directory for secrets: /opt/liferay/osgi/configs
2026-02-20 13:33:49.116 INFO  [main][ModuleFrameworkImpl:1645] Started initial bundles
2026-02-20 13:33:49.118 INFO  [main][ModuleFrameworkImpl:1690] Starting dynamic bundles
2026-02-20 13:33:50.587 WARN  [Start Level: Equinox Container: c1ffb4b6-f9bb-44e1-8057-81558c97e937][SidecarManager:70] Liferay automatically starts a child process of Elasticsearch named sidecar for convenient development and demonstration purposes. Do NOT use sidecar in production. Refer to the documentation for details on the limitations of sidecar and instructions on configuring a remote Elasticsearch connection in the Control Panel.
2026-02-20 13:33:54.140 INFO  [main][ModuleFrameworkImpl:1713] Started dynamic bundles
2026-02-20 13:33:54.142 INFO  [main][ModuleFrameworkImpl:1720] Starting web bundles
2026-02-20 13:33:55.430 INFO  [main][ModuleFrameworkImpl:1774] Started web bundles
2026-02-20 13:33:55.432 INFO  [main][ModuleFrameworkImpl:283] Navigate to Control Panel > System > Gogo Shell and enter "lb" to see all bundles
2026-02-20 13:33:56.051 INFO  [main][StartupHelperUtil:100] There are no patches installed
2026-02-20 13:33:56.536 INFO  [main][AutoDeployDir:152] Auto deploy scanner started for /opt/liferay/deploy
2026-02-20 13:33:59.976 INFO  [SystemExecutorServiceUtil-29][Sidecar:100] Sidecar Elasticsearch 7.17.26 liferay_sidecar started at 127.0.0.1:9201
2026-02-20 13:34:05.581 INFO  [fileinstall-directory-watcher][BaseAutoDeployListener:34] Copying themes for /opt/liferay/tomcat/temp/20260220133405517FFYSGLQJ/admin-theme.war
2026-02-20 13:34:06.001 INFO  [fileinstall-directory-watcher][BaseAutoDeployListener:41] Themes for /opt/liferay/tomcat/temp/20260220133405517FFYSGLQJ/admin-theme.war copied successfully
2026-02-20 13:34:07.265 INFO  [fileinstall-directory-watcher][BaseAutoDeployListener:34] Copying themes for /opt/liferay/tomcat/temp/20260220133407256ONAZQREZ/classic-theme.war
2026-02-20 13:34:07.634 INFO  [fileinstall-directory-watcher][BaseAutoDeployListener:41] Themes for /opt/liferay/tomcat/temp/20260220133407256ONAZQREZ/classic-theme.war copied successfully
2026-02-20 13:34:08.583 INFO  [fileinstall-directory-watcher][BaseAutoDeployListener:34] Copying themes for /opt/liferay/tomcat/temp/20260220133408576HMHIOAEH/dialect-theme.war
2026-02-20 13:34:08.904 INFO  [fileinstall-directory-watcher][BaseAutoDeployListener:41] Themes for /opt/liferay/tomcat/temp/20260220133408576HMHIOAEH/dialect-theme.war copied successfully
2026-02-20 13:34:09.539 INFO  [fileinstall-directory-watcher][BaseAutoDeployListener:34] Copying themes for /opt/liferay/tomcat/temp/20260220133409525WCCORORK/minium-theme.war
2026-02-20 13:34:09.819 INFO  [fileinstall-directory-watcher][BaseAutoDeployListener:41] Themes for /opt/liferay/tomcat/temp/20260220133409525WCCORORK/minium-theme.war copied successfully
2026-02-20 13:34:10.636 INFO  [fileinstall-directory-watcher][BaseAutoDeployListener:34] Copying themes for /opt/liferay/tomcat/temp/20260220133410628HLSIEQTK/speedwell-theme.war
2026-02-20 13:34:10.898 INFO  [fileinstall-directory-watcher][BaseAutoDeployListener:41] Themes for /opt/liferay/tomcat/temp/20260220133410628HLSIEQTK/speedwell-theme.war copied successfully
2026-02-20 13:36:23.381 INFO  [main][PortalContextLoaderListener:114] JVM arguments: --add-opens=java.base/java.lang=ALL-UNNAMED --add-opens=java.base/java.lang.invoke=ALL-UNNAMED --add-opens=java.base/java.lang.reflect=ALL-UNNAMED --add-opens=java.base/java.net=ALL-UNNAMED --add-opens=java.base/sun.net.www.protocol.http=ALL-UNNAMED --add-opens=java.base/sun.net.www.protocol.https=ALL-UNNAMED --add-opens=java.base/sun.util.calendar=ALL-UNNAMED --add-opens=jdk.zipfs/jdk.nio.zipfs=ALL-UNNAMED --add-opens=java.base/java.lang=ALL-UNNAMED --add-opens=java.base/java.lang.invoke=ALL-UNNAMED --add-opens=java.base/java.lang.reflect=ALL-UNNAMED --add-opens=java.base/java.io=ALL-UNNAMED --add-opens=java.base/java.util=ALL-UNNAMED --add-opens=java.base/java.util.concurrent=ALL-UNNAMED --add-opens=java.rmi/sun.rmi.transport=ALL-UNNAMED -Djava.util.logging.config.file=/opt/liferay/tomcat/conf/logging.properties -Djava.util.logging.manager=org.apache.juli.ClassLoaderLogManager -Djdk.tls.ephemeralDHKeySize=2048 -Djava.protocol.handler.pkgs=org.apache.catalina.webresources -Dsun.io.useCanonCaches=false -Dorg.apache.catalina.security.SecurityListener.UMASK=0027 -Dfile.encoding=UTF-8 -Djava.net.preferIPv4Stack=true -Duser.timezone=GMT -Xms2560m -Xmx2560m -XX:MaxNewSize=1536m -XX:MaxMetaspaceSize=768m -XX:MetaspaceSize=768m -XX:NewSize=1536m -XX:SurvivorRatio=7 -Dignore.endorsed.dirs= -Dcatalina.base=/opt/liferay/tomcat -Dcatalina.home=/opt/liferay/tomcat -Djava.io.tmpdir=/opt/liferay/tomcat/temp
2026-02-20 13:36:29.937 WARN  [SystemExecutorServiceUtil-1][DialectDetector:73] Liferay is configured to use Hypersonic as its database. Do NOT use Hypersonic in production. Hypersonic is an embedded database useful for development and demonstration purposes. The database settings can be changed in portal-ext.properties.
2026-02-20 13:36:29.939 INFO  [SystemExecutorServiceUtil-1][DialectDetector:134] Using dialect com.liferay.portal.dao.orm.hibernate.HSQLDialect for HSQL Database Engine 2.7
2026-02-20 13:36:31.232 INFO  [main][ModuleFrameworkImpl:1355] Starting initial bundles
2026-02-20 13:36:32.313 INFO  [main][InterpolationConfigurationPlugin:109] Configured directory for secrets: /opt/liferay/osgi/configs
2026-02-20 13:36:32.528 INFO  [main][ModuleFrameworkImpl:1645] Started initial bundles
2026-02-20 13:36:32.530 INFO  [main][ModuleFrameworkImpl:1690] Starting dynamic bundles
2026-02-20 13:36:33.988 WARN  [Start Level: Equinox Container: 9709a34c-73e6-4105-bfc6-36f5cc02902d][SidecarManager:70] Liferay automatically starts a child process of Elasticsearch named sidecar for convenient development and demonstration purposes. Do NOT use sidecar in production. Refer to the documentation for details on the limitations of sidecar and instructions on configuring a remote Elasticsearch connection in the Control Panel.
2026-02-20 13:36:37.386 INFO  [main][ModuleFrameworkImpl:1713] Started dynamic bundles
2026-02-20 13:36:37.388 INFO  [main][ModuleFrameworkImpl:1720] Starting web bundles
2026-02-20 13:36:38.512 INFO  [main][ModuleFrameworkImpl:1774] Started web bundles
2026-02-20 13:36:38.513 INFO  [main][ModuleFrameworkImpl:283] Navigate to Control Panel > System > Gogo Shell and enter "lb" to see all bundles
2026-02-20 13:36:39.121 INFO  [main][StartupHelperUtil:100] There are no patches installed
2026-02-20 13:36:39.591 INFO  [main][AutoDeployDir:152] Auto deploy scanner started for /opt/liferay/deploy
2026-02-20 13:36:42.632 INFO  [SystemExecutorServiceUtil-32][Sidecar:100] Sidecar Elasticsearch 7.17.26 liferay_sidecar started at 127.0.0.1:9201
2026-02-20 13:36:48.647 INFO  [fileinstall-directory-watcher][BaseAutoDeployListener:34] Copying themes for /opt/liferay/tomcat/temp/20260220133648585OYYPQXPE/admin-theme.war
2026-02-20 13:36:49.110 INFO  [fileinstall-directory-watcher][BaseAutoDeployListener:41] Themes for /opt/liferay/tomcat/temp/20260220133648585OYYPQXPE/admin-theme.war copied successfully
2026-02-20 13:36:50.379 INFO  [fileinstall-directory-watcher][BaseAutoDeployListener:34] Copying themes for /opt/liferay/tomcat/temp/20260220133650374BVCKEUDR/classic-theme.war
2026-02-20 13:36:50.637 INFO  [fileinstall-directory-watcher][BaseAutoDeployListener:41] Themes for /opt/liferay/tomcat/temp/20260220133650374BVCKEUDR/classic-theme.war copied successfully
2026-02-20 13:36:51.219 INFO  [fileinstall-directory-watcher][BaseAutoDeployListener:34] Copying themes for /opt/liferay/tomcat/temp/20260220133651214RIGPNGOK/dialect-theme.war
2026-02-20 13:36:51.499 INFO  [fileinstall-directory-watcher][BaseAutoDeployListener:41] Themes for /opt/liferay/tomcat/temp/20260220133651214RIGPNGOK/dialect-theme.war copied successfully
2026-02-20 13:36:52.087 INFO  [fileinstall-directory-watcher][BaseAutoDeployListener:34] Copying themes for /opt/liferay/tomcat/temp/20260220133652080ZPEHSWQW/minium-theme.war
2026-02-20 13:36:52.462 INFO  [fileinstall-directory-watcher][BaseAutoDeployListener:41] Themes for /opt/liferay/tomcat/temp/20260220133652080ZPEHSWQW/minium-theme.war copied successfully
2026-02-20 13:36:53.302 INFO  [fileinstall-directory-watcher][BaseAutoDeployListener:34] Copying themes for /opt/liferay/tomcat/temp/20260220133653297OKMHVIED/speedwell-theme.war
2026-02-20 13:36:53.597 INFO  [fileinstall-directory-watcher][BaseAutoDeployListener:41] Themes for /opt/liferay/tomcat/temp/20260220133653297OKMHVIED/speedwell-theme.war copied successfully
2026-02-20 13:38:46.550 INFO  [main][PortalContextLoaderListener:114] JVM arguments: --add-opens=java.base/java.lang=ALL-UNNAMED --add-opens=java.base/java.lang.invoke=ALL-UNNAMED --add-opens=java.base/java.lang.reflect=ALL-UNNAMED --add-opens=java.base/java.net=ALL-UNNAMED --add-opens=java.base/sun.net.www.protocol.http=ALL-UNNAMED --add-opens=java.base/sun.net.www.protocol.https=ALL-UNNAMED --add-opens=java.base/sun.util.calendar=ALL-UNNAMED --add-opens=jdk.zipfs/jdk.nio.zipfs=ALL-UNNAMED --add-opens=java.base/java.lang=ALL-UNNAMED --add-opens=java.base/java.lang.invoke=ALL-UNNAMED --add-opens=java.base/java.lang.reflect=ALL-UNNAMED --add-opens=java.base/java.io=ALL-UNNAMED --add-opens=java.base/java.util=ALL-UNNAMED --add-opens=java.base/java.util.concurrent=ALL-UNNAMED --add-opens=java.rmi/sun.rmi.transport=ALL-UNNAMED -Djava.util.logging.config.file=/opt/liferay/tomcat/conf/logging.properties -Djava.util.logging.manager=org.apache.juli.ClassLoaderLogManager -Djdk.tls.ephemeralDHKeySize=2048 -Djava.protocol.handler.pkgs=org.apache.catalina.webresources -Dsun.io.useCanonCaches=false -Dorg.apache.catalina.security.SecurityListener.UMASK=0027 -Dfile.encoding=UTF-8 -Djava.net.preferIPv4Stack=true -Duser.timezone=GMT -Xms2560m -Xmx2560m -XX:MaxNewSize=1536m -XX:MaxMetaspaceSize=768m -XX:MetaspaceSize=768m -XX:NewSize=1536m -XX:SurvivorRatio=7 -Dignore.endorsed.dirs= -Dcatalina.base=/opt/liferay/tomcat -Dcatalina.home=/opt/liferay/tomcat -Djava.io.tmpdir=/opt/liferay/tomcat/temp
2026-02-20 13:38:52.723 WARN  [SystemExecutorServiceUtil-1][DialectDetector:73] Liferay is configured to use Hypersonic as its database. Do NOT use Hypersonic in production. Hypersonic is an embedded database useful for development and demonstration purposes. The database settings can be changed in portal-ext.properties.
2026-02-20 13:38:52.726 INFO  [SystemExecutorServiceUtil-1][DialectDetector:134] Using dialect com.liferay.portal.dao.orm.hibernate.HSQLDialect for HSQL Database Engine 2.7
2026-02-20 13:38:54.003 INFO  [main][ModuleFrameworkImpl:1355] Starting initial bundles
2026-02-20 13:38:55.054 INFO  [main][InterpolationConfigurationPlugin:109] Configured directory for secrets: /opt/liferay/osgi/configs
2026-02-20 13:38:55.337 INFO  [main][ModuleFrameworkImpl:1645] Started initial bundles
2026-02-20 13:38:55.340 INFO  [main][ModuleFrameworkImpl:1690] Starting dynamic bundles
2026-02-20 13:38:56.865 WARN  [Start Level: Equinox Container: 48f9444d-3a29-474c-9bd0-80960fe14d0d][SidecarManager:70] Liferay automatically starts a child process of Elasticsearch named sidecar for convenient development and demonstration purposes. Do NOT use sidecar in production. Refer to the documentation for details on the limitations of sidecar and instructions on configuring a remote Elasticsearch connection in the Control Panel.
2026-02-20 13:39:00.075 INFO  [main][ModuleFrameworkImpl:1713] Started dynamic bundles
2026-02-20 13:39:00.077 INFO  [main][ModuleFrameworkImpl:1720] Starting web bundles
2026-02-20 13:39:01.104 INFO  [main][ModuleFrameworkImpl:1774] Started web bundles
2026-02-20 13:39:01.105 INFO  [main][ModuleFrameworkImpl:283] Navigate to Control Panel > System > Gogo Shell and enter "lb" to see all bundles
2026-02-20 13:39:01.604 INFO  [main][StartupHelperUtil:100] There are no patches installed
2026-02-20 13:39:02.025 INFO  [main][AutoDeployDir:152] Auto deploy scanner started for /opt/liferay/deploy
2026-02-20 13:39:04.759 INFO  [SystemExecutorServiceUtil-21][Sidecar:100] Sidecar Elasticsearch 7.17.26 liferay_sidecar started at 127.0.0.1:9201
2026-02-20 13:39:11.224 INFO  [fileinstall-directory-watcher][BaseAutoDeployListener:34] Copying themes for /opt/liferay/tomcat/temp/20260220133911150EBATFALS/admin-theme.war
2026-02-20 13:39:11.785 INFO  [fileinstall-directory-watcher][BaseAutoDeployListener:41] Themes for /opt/liferay/tomcat/temp/20260220133911150EBATFALS/admin-theme.war copied successfully
2026-02-20 13:39:12.861 INFO  [fileinstall-directory-watcher][BaseAutoDeployListener:34] Copying themes for /opt/liferay/tomcat/temp/20260220133912855GPEKIVXH/classic-theme.war
2026-02-20 13:39:13.108 INFO  [fileinstall-directory-watcher][BaseAutoDeployListener:41] Themes for /opt/liferay/tomcat/temp/20260220133912855GPEKIVXH/classic-theme.war copied successfully
2026-02-20 13:39:13.758 INFO  [fileinstall-directory-watcher][BaseAutoDeployListener:34] Copying themes for /opt/liferay/tomcat/temp/20260220133913752LRVJYNUT/dialect-theme.war
2026-02-20 13:39:13.986 INFO  [fileinstall-directory-watcher][BaseAutoDeployListener:41] Themes for /opt/liferay/tomcat/temp/20260220133913752LRVJYNUT/dialect-theme.war copied successfully
2026-02-20 13:39:14.727 INFO  [fileinstall-directory-watcher][BaseAutoDeployListener:34] Copying themes for /opt/liferay/tomcat/temp/20260220133914637CCCDKAFZ/minium-theme.war
2026-02-20 13:39:15.187 INFO  [fileinstall-directory-watcher][BaseAutoDeployListener:41] Themes for /opt/liferay/tomcat/temp/20260220133914637CCCDKAFZ/minium-theme.war copied successfully
2026-02-20 13:39:16.069 INFO  [fileinstall-directory-watcher][BaseAutoDeployListener:34] Copying themes for /opt/liferay/tomcat/temp/20260220133916062XXORWUUO/speedwell-theme.war
2026-02-20 13:39:16.402 INFO  [fileinstall-directory-watcher][BaseAutoDeployListener:41] Themes for /opt/liferay/tomcat/temp/20260220133916062XXORWUUO/speedwell-theme.war copied successfully
2026-02-20 13:41:24.028 INFO  [main][PortalContextLoaderListener:114] JVM arguments: --add-opens=java.base/java.lang=ALL-UNNAMED --add-opens=java.base/java.lang.invoke=ALL-UNNAMED --add-opens=java.base/java.lang.reflect=ALL-UNNAMED --add-opens=java.base/java.net=ALL-UNNAMED --add-opens=java.base/sun.net.www.protocol.http=ALL-UNNAMED --add-opens=java.base/sun.net.www.protocol.https=ALL-UNNAMED --add-opens=java.base/sun.util.calendar=ALL-UNNAMED --add-opens=jdk.zipfs/jdk.nio.zipfs=ALL-UNNAMED --add-opens=java.base/java.lang=ALL-UNNAMED --add-opens=java.base/java.lang.invoke=ALL-UNNAMED --add-opens=java.base/java.lang.reflect=ALL-UNNAMED --add-opens=java.base/java.io=ALL-UNNAMED --add-opens=java.base/java.util=ALL-UNNAMED --add-opens=java.base/java.util.concurrent=ALL-UNNAMED --add-opens=java.rmi/sun.rmi.transport=ALL-UNNAMED -Djava.util.logging.config.file=/opt/liferay/tomcat/conf/logging.properties -Djava.util.logging.manager=org.apache.juli.ClassLoaderLogManager -Djdk.tls.ephemeralDHKeySize=2048 -Djava.protocol.handler.pkgs=org.apache.catalina.webresources -Dsun.io.useCanonCaches=false -Dorg.apache.catalina.security.SecurityListener.UMASK=0027 -Dfile.encoding=UTF-8 -Djava.net.preferIPv4Stack=true -Duser.timezone=GMT -Xms2560m -Xmx2560m -XX:MaxNewSize=1536m -XX:MaxMetaspaceSize=768m -XX:MetaspaceSize=768m -XX:NewSize=1536m -XX:SurvivorRatio=7 -Dignore.endorsed.dirs= -Dcatalina.base=/opt/liferay/tomcat -Dcatalina.home=/opt/liferay/tomcat -Djava.io.tmpdir=/opt/liferay/tomcat/temp
2026-02-20 13:41:29.974 WARN  [SystemExecutorServiceUtil-1][DialectDetector:73] Liferay is configured to use Hypersonic as its database. Do NOT use Hypersonic in production. Hypersonic is an embedded database useful for development and demonstration purposes. The database settings can be changed in portal-ext.properties.
2026-02-20 13:41:29.976 INFO  [SystemExecutorServiceUtil-1][DialectDetector:134] Using dialect com.liferay.portal.dao.orm.hibernate.HSQLDialect for HSQL Database Engine 2.7
2026-02-20 13:41:31.112 INFO  [main][ModuleFrameworkImpl:1355] Starting initial bundles
2026-02-20 13:41:32.133 INFO  [main][InterpolationConfigurationPlugin:109] Configured directory for secrets: /opt/liferay/osgi/configs
2026-02-20 13:41:32.405 INFO  [main][ModuleFrameworkImpl:1645] Started initial bundles
2026-02-20 13:41:32.407 INFO  [main][ModuleFrameworkImpl:1690] Starting dynamic bundles
2026-02-20 13:41:33.856 WARN  [Start Level: Equinox Container: 7f2ff043-0009-4bfc-8000-72569cc18f8c][SidecarManager:70] Liferay automatically starts a child process of Elasticsearch named sidecar for convenient development and demonstration purposes. Do NOT use sidecar in production. Refer to the documentation for details on the limitations of sidecar and instructions on configuring a remote Elasticsearch connection in the Control Panel.
2026-02-20 13:41:37.489 INFO  [main][ModuleFrameworkImpl:1713] Started dynamic bundles
2026-02-20 13:41:37.490 INFO  [main][ModuleFrameworkImpl:1720] Starting web bundles
2026-02-20 13:41:38.703 INFO  [main][ModuleFrameworkImpl:1774] Started web bundles
2026-02-20 13:41:38.704 INFO  [main][ModuleFrameworkImpl:283] Navigate to Control Panel > System > Gogo Shell and enter "lb" to see all bundles
2026-02-20 13:41:39.290 INFO  [main][StartupHelperUtil:100] There are no patches installed
2026-02-20 13:41:39.776 INFO  [main][AutoDeployDir:152] Auto deploy scanner started for /opt/liferay/deploy
2026-02-20 13:41:43.394 INFO  [SystemExecutorServiceUtil-26][Sidecar:100] Sidecar Elasticsearch 7.17.26 liferay_sidecar started at 127.0.0.1:9201
2026-02-20 13:41:48.785 INFO  [fileinstall-directory-watcher][BaseAutoDeployListener:34] Copying themes for /opt/liferay/tomcat/temp/20260220134148747BNOSBNZE/admin-theme.war
2026-02-20 13:41:49.123 INFO  [fileinstall-directory-watcher][BaseAutoDeployListener:41] Themes for /opt/liferay/tomcat/temp/20260220134148747BNOSBNZE/admin-theme.war copied successfully
2026-02-20 13:41:50.521 INFO  [fileinstall-directory-watcher][BaseAutoDeployListener:34] Copying themes for /opt/liferay/tomcat/temp/20260220134150515DDADXLKL/classic-theme.war
2026-02-20 13:41:50.830 INFO  [fileinstall-directory-watcher][BaseAutoDeployListener:41] Themes for /opt/liferay/tomcat/temp/20260220134150515DDADXLKL/classic-theme.war copied successfully
2026-02-20 13:41:51.450 INFO  [fileinstall-directory-watcher][BaseAutoDeployListener:34] Copying themes for /opt/liferay/tomcat/temp/20260220134151445VYWRMWGG/dialect-theme.war
2026-02-20 13:41:51.709 INFO  [fileinstall-directory-watcher][BaseAutoDeployListener:41] Themes for /opt/liferay/tomcat/temp/20260220134151445VYWRMWGG/dialect-theme.war copied successfully
2026-02-20 13:41:52.339 INFO  [fileinstall-directory-watcher][BaseAutoDeployListener:34] Copying themes for /opt/liferay/tomcat/temp/20260220134152332KXCTXVFI/minium-theme.war
2026-02-20 13:41:52.639 INFO  [fileinstall-directory-watcher][BaseAutoDeployListener:41] Themes for /opt/liferay/tomcat/temp/20260220134152332KXCTXVFI/minium-theme.war copied successfully
2026-02-20 13:41:53.483 INFO  [fileinstall-directory-watcher][BaseAutoDeployListener:34] Copying themes for /opt/liferay/tomcat/temp/20260220134153476FQWRMLJY/speedwell-theme.war
2026-02-20 13:41:53.840 INFO  [fileinstall-directory-watcher][BaseAutoDeployListener:41] Themes for /opt/liferay/tomcat/temp/20260220134153476FQWRMLJY/speedwell-theme.war copied successfully
2026-02-20 13:45:29.002 INFO  [main][PortalContextLoaderListener:114] JVM arguments: --add-opens=java.base/java.lang=ALL-UNNAMED --add-opens=java.base/java.lang.invoke=ALL-UNNAMED --add-opens=java.base/java.lang.reflect=ALL-UNNAMED --add-opens=java.base/java.net=ALL-UNNAMED --add-opens=java.base/sun.net.www.protocol.http=ALL-UNNAMED --add-opens=java.base/sun.net.www.protocol.https=ALL-UNNAMED --add-opens=java.base/sun.util.calendar=ALL-UNNAMED --add-opens=jdk.zipfs/jdk.nio.zipfs=ALL-UNNAMED --add-opens=java.base/java.lang=ALL-UNNAMED --add-opens=java.base/java.lang.invoke=ALL-UNNAMED --add-opens=java.base/java.lang.reflect=ALL-UNNAMED --add-opens=java.base/java.io=ALL-UNNAMED --add-opens=java.base/java.util=ALL-UNNAMED --add-opens=java.base/java.util.concurrent=ALL-UNNAMED --add-opens=java.rmi/sun.rmi.transport=ALL-UNNAMED -Djava.util.logging.config.file=/opt/liferay/tomcat/conf/logging.properties -Djava.util.logging.manager=org.apache.juli.ClassLoaderLogManager -Djdk.tls.ephemeralDHKeySize=2048 -Djava.protocol.handler.pkgs=org.apache.catalina.webresources -Dsun.io.useCanonCaches=false -Dorg.apache.catalina.security.SecurityListener.UMASK=0027 -Dfile.encoding=UTF-8 -Djava.net.preferIPv4Stack=true -Duser.timezone=GMT -Xms2560m -Xmx2560m -XX:MaxNewSize=1536m -XX:MaxMetaspaceSize=768m -XX:MetaspaceSize=768m -XX:NewSize=1536m -XX:SurvivorRatio=7 -Dignore.endorsed.dirs= -Dcatalina.base=/opt/liferay/tomcat -Dcatalina.home=/opt/liferay/tomcat -Djava.io.tmpdir=/opt/liferay/tomcat/temp
2026-02-20 13:45:35.282 WARN  [SystemExecutorServiceUtil-1][DialectDetector:73] Liferay is configured to use Hypersonic as its database. Do NOT use Hypersonic in production. Hypersonic is an embedded database useful for development and demonstration purposes. The database settings can be changed in portal-ext.properties.
2026-02-20 13:45:35.285 INFO  [SystemExecutorServiceUtil-1][DialectDetector:134] Using dialect com.liferay.portal.dao.orm.hibernate.HSQLDialect for HSQL Database Engine 2.7
2026-02-20 13:45:36.418 INFO  [main][ModuleFrameworkImpl:1355] Starting initial bundles
2026-02-20 13:45:37.336 INFO  [main][InterpolationConfigurationPlugin:109] Configured directory for secrets: /opt/liferay/osgi/configs
2026-02-20 13:45:37.546 INFO  [main][ModuleFrameworkImpl:1645] Started initial bundles
2026-02-20 13:45:37.548 INFO  [main][ModuleFrameworkImpl:1690] Starting dynamic bundles
2026-02-20 13:45:38.994 WARN  [Start Level: Equinox Container: 1ed2d6bc-59f0-48bf-a98f-9f6f46c1db72][SidecarManager:70] Liferay automatically starts a child process of Elasticsearch named sidecar for convenient development and demonstration purposes. Do NOT use sidecar in production. Refer to the documentation for details on the limitations of sidecar and instructions on configuring a remote Elasticsearch connection in the Control Panel.
2026-02-20 13:45:42.727 INFO  [main][ModuleFrameworkImpl:1713] Started dynamic bundles
2026-02-20 13:45:42.729 INFO  [main][ModuleFrameworkImpl:1720] Starting web bundles
2026-02-20 13:45:43.950 INFO  [main][ModuleFrameworkImpl:1774] Started web bundles
2026-02-20 13:45:43.957 INFO  [main][ModuleFrameworkImpl:283] Navigate to Control Panel > System > Gogo Shell and enter "lb" to see all bundles
2026-02-20 13:45:44.521 INFO  [main][StartupHelperUtil:100] There are no patches installed
2026-02-20 13:45:45.003 INFO  [main][AutoDeployDir:152] Auto deploy scanner started for /opt/liferay/deploy
2026-02-20 13:45:48.255 INFO  [SystemExecutorServiceUtil-32][Sidecar:100] Sidecar Elasticsearch 7.17.26 liferay_sidecar started at 127.0.0.1:9201
2026-02-20 13:45:54.039 INFO  [fileinstall-directory-watcher][BaseAutoDeployListener:34] Copying themes for /opt/liferay/tomcat/temp/20260220134553999VVKYAWET/admin-theme.war
2026-02-20 13:45:54.454 INFO  [fileinstall-directory-watcher][BaseAutoDeployListener:41] Themes for /opt/liferay/tomcat/temp/20260220134553999VVKYAWET/admin-theme.war copied successfully
2026-02-20 13:45:55.874 INFO  [fileinstall-directory-watcher][BaseAutoDeployListener:34] Copying themes for /opt/liferay/tomcat/temp/20260220134555868JNDILCYQ/classic-theme.war
2026-02-20 13:45:56.163 INFO  [fileinstall-directory-watcher][BaseAutoDeployListener:41] Themes for /opt/liferay/tomcat/temp/20260220134555868JNDILCYQ/classic-theme.war copied successfully
2026-02-20 13:45:56.781 INFO  [fileinstall-directory-watcher][BaseAutoDeployListener:34] Copying themes for /opt/liferay/tomcat/temp/20260220134556777VPHYJHRC/dialect-theme.war
2026-02-20 13:45:57.038 INFO  [fileinstall-directory-watcher][BaseAutoDeployListener:41] Themes for /opt/liferay/tomcat/temp/20260220134556777VPHYJHRC/dialect-theme.war copied successfully
2026-02-20 13:45:57.666 INFO  [fileinstall-directory-watcher][BaseAutoDeployListener:34] Copying themes for /opt/liferay/tomcat/temp/20260220134557660GACTUQJY/minium-theme.war
2026-02-20 13:45:58.040 INFO  [fileinstall-directory-watcher][BaseAutoDeployListener:41] Themes for /opt/liferay/tomcat/temp/20260220134557660GACTUQJY/minium-theme.war copied successfully
2026-02-20 13:45:58.824 INFO  [fileinstall-directory-watcher][BaseAutoDeployListener:34] Copying themes for /opt/liferay/tomcat/temp/20260220134558819ZXPZLRCE/speedwell-theme.war
2026-02-20 13:45:59.079 INFO  [fileinstall-directory-watcher][BaseAutoDeployListener:41] Themes for /opt/liferay/tomcat/temp/20260220134558819ZXPZLRCE/speedwell-theme.war copied successfully
